C251 COMPILER V5.60.0,  main                                                               22/11/25  18:24:49  PAGE 1   


C251 COMPILER V5.60.0, COMPILATION OF MODULE main
OBJECT MODULE PLACED IN .\Objects\main.obj
COMPILER INVOKED BY: D:\Program Files\Keil_v5\C251\BIN\C251.EXE ..\USER\src\main.c XSMALL BROWSE INCDIR(..\..\..\Librari
                    -es\boards\inc;..\..\..\Libraries\startup\inc;..\USER\inc;..\..\..\Libraries\deivers\inc) DEBUG PRINT(.\Listings\main.lst
                    -) TABS(2) OBJECT(.\Objects\main.obj) 

stmt  level    source

    1          #include "main.h"
    2          #include <MATH.H>
    3          
    4          // ========================= 参数区 =========================
    5          float    kp             = 1.2;          // PID比例系数
    6          float    kd             = 0.9;          // PID微分系数
    7          float    kA             = 0.8;          // 误差计算系数A
    8          float    kB             = 2;          // 误差计算系数B
    9          uint8_t  stopADC        = 20;           // 停车ADC阈值
   10          uint8_t  timerMs        = 20;           // 计时器触发时间(ms)
   11          uint16_t maxSpeed       = 1800;         // 电机最大速度
   12          uint16_t minSpeed       = 1250;         // 电机最小速度
   13          uint16_t midDutyOfServo = 730;          // 舵机中位PWM值
   14          uint16_t maxChangeDuty  = 130;          // 舵机最大变化PWM值
   15          uint8_t  adcPin[4]      = {0, 1, 6, 7}; // ADC引脚映射
   16          
   17          // ========================= 定义区 =========================
   18          // ADC通道定义
   19          char ADC[8] = {ADC_P13, ADC_P16, ADC_P10, ADC_P11,
   20                         ADC_P02, ADC_P05, ADC_P00, ADC_P01};
   21          
   22          // 舵机和电机PWM输出定义
   23          #define SERVO PWMB_CH1_P74
   24          #define MOTOR_L PWMA_CH2P_P62
   25          #define MOTOR_R PWMA_CH3P_P64
   26          #define MOTOR_BASE_L PWMA_CH1P_P60
   27          #define MOTOR_BASE_R PWMA_CH4P_P66
   28          #define BUZZER PWMB_CH3_P33
   29          
   30          // LED指示灯引脚定义
   31          char LEDPin[4] = {GPIO_Pin_7, GPIO_Pin_6, GPIO_Pin_5, GPIO_Pin_4};
   32          #define LED(x) GPIO_P3, LEDPin[x]
   33          
   34          // 按键引脚定义
   35          char KEYPin[2] = {GPIO_Pin_7, GPIO_Pin_6};
   36          #define KEY(x) GPIO_P0, KEYPin[x]
   37          
   38          // 方向键引脚定义
   39          #define DPAD_UP GPIO_P4, GPIO_P2
   40          #define DPAD_DOWN GPIO_P4, GPIO_Pin_6
   41          #define DPAD_LEFT GPIO_P4, GPIO_Pin_5
   42          #define DPAD_RIGHT GPIO_P4, GPIO_Pin_1
   43          
   44          // ========================= 全局变量 =========================
   45          uint16_t adcMax[4] = {20, 20, 20, 20};         // ADC最大值
   46          uint16_t adcMin[4] = {1000, 1000, 1000, 1000}; // ADC最小值
   47          uint16_t adcRaw[4];                            // ADC原始值
   48          uint16_t biosKey = 0;                          // BIOS页面键值
   49          uint16_t enter;                                // 进入标志
   50          float    error;                                // 当前误差
   51          float    pidOut;                               // PID输出
   52          float    lastError;                            // 上次误差
   53          float    adcAfterNorm[4];                      // 归一化后的ADC值
   54          char     limLine[22];                          // 显示缓冲区
   55          
   56          void  All_Init(uint16_t midDutyOfServo, uint8_t *adcPin);
   57          void  ADC_Norm_Fast(uint16_t *adcMax, uint16_t *adcMin, uint8_t *adcPin);
C251 COMPILER V5.60.0,  main                                                               22/11/25  18:24:49  PAGE 2   

   58          void  Get_ADC(uint16_t *adcRaw, uint8_t *adcPin);
   59          void  Normalization(uint16_t *adcRaw, uint16_t *adcMax, uint16_t *adcMin, float *adcAfterNorm);
   60          float ADC_To_Error(float *adcAfterNorm, float kA, float kB);
   61          float PD_Calculate(float error, float lastError, float kp, float kd);
   62          void  Servo_Control_By_Error(float errorInner, uint16_t midDutyOfServo, uint16_t maxChangeDuty);
   63          void  Go(uint16_t minSpeed, uint16_t maxSpeed, float error);
   64          void  Show_Error_On_Sceen(float errorBeforePID, float errorAfterPID, uint16_t *adcRaw);
   65          void  Stop_Inner();
   66          void  BIOS(uint16_t biosKey, uint16_t minSpeed, uint16_t maxSpeed, float kp, float kd, float kA, float kB
             -);
   67          
   68          // ========================= 主函数 =========================
   69          void main()
   70          {
   71   1          All_Init(midDutyOfServo, adcPin);      // 初始化所有外设
   72   1          ADC_Norm_Fast(adcMax, adcMin, adcPin); // 快速ADC校准
   73   1          PIT_Timer_Ms(TIM0, timerMs);           // 定时器初始化
   74   1          // PIT_Timer_Ms(TIM2,timerMs);
   75   1      
   76   1          while (1) {
   77   2              // ========================= BIOS系统处理 =========================
   78   2              enter = 0;
   79   2              // BIOS系统处理
   80   2              if (biosKey % 4)
   81   2                  LCD_CLS();
   82   2              while (biosKey % 4) {
   83   3                  BIOS(biosKey, minSpeed, maxSpeed, kp, kd, kA, kB);
   84   3                  enter = 1;
   85   3              }
   86   2              if (enter) {
   87   3                  LCD_CLS();
   88   3                  // 显示ADC校准值
   89   3                  sprintf(limLine, "%04d %04d   %04d %04d", adcMax[0], adcMax[1], adcMax[2], adcMax[3]);
   90   3                  LCD_P6x8Str(0, 6, limLine);
   91   3                  sprintf(limLine, "%04d %04d   %04d %04d", adcMin[0], adcMin[1], adcMin[2], adcMin[3]);
   92   3                  LCD_P6x8Str(0, 7, limLine);
   93   3              }
   94   2              // ========================= 运行控制处理 =========================
   95   2              // 检测是否在赛道上，如果所有传感器都检测不到黑线则停止
   96   2              while ((adcRaw[0] <= adcMin[0] || adcRaw[0] <= stopADC) &&
   97   2                     (adcRaw[1] <= adcMin[1] || adcRaw[1] <= stopADC) &&
   98   2                     (adcRaw[2] <= adcMin[2] || adcRaw[2] <= stopADC) &&
   99   2                     (adcRaw[3] <= adcMin[3] || adcRaw[3] <= stopADC)) {
  100   3                  Go(0, 0, 0); // 停止电机
  101   3              };
  102   2              // 显示误差信息
  103   2              Show_Error_On_Sceen(error, pidOut, adcRaw);
  104   2              // 电机控制
  105   2              Go(minSpeed, maxSpeed, pidOut);
  106   2          }
  107   1      }
  108          
  109          // ========================= 函数实现 =========================
  110          
  111          /// @brief 全局初始化函数
  112          void All_Init(uint16_t midDutyOfServo, uint8_t *adcPin)
  113          {
  114   1          uint8_t i;
  115   1          Board_Init(); // 开发板初始化
  116   1      
  117   1          // ADC初始化
  118   1          for (i = 0; i < 4; i++)
  119   1              ADC_Init(ADC[adcPin[i]], ADC_SPEED_2X16T);
  120   1      
  121   1          // 串口初始化
  122   1          UART_Init(UART_1, UART1_RX_P43,
C251 COMPILER V5.60.0,  main                                                               22/11/25  18:24:49  PAGE 3   

  123   1                    UART1_TX_P44, 9600, TIM1);
  124   1      
  125   1          // PWM初始化（舵机和电机）
  126   1          PWM_Init(SERVO, 50, midDutyOfServo);
  127   1          PWM_Init(MOTOR_L, 10000, 10000);
  128   1          PWM_Init(MOTOR_R, 10000, 10000);
  129   1          PWM_Init(MOTOR_BASE_L, 10000, 10000);
  130   1          PWM_Init(MOTOR_BASE_R, 10000, 10000);
  131   1      
  132   1          // LED初始化
  133   1          for (i = 0; i < 4; i++)
  134   1              GPIO_Init(LED(i), GPIO_OUT_PP);
  135   1      
  136   1          // 按键初始化（上拉输入）
  137   1          GPIO_Init(KEY(0), GPIO_PullUp);
  138   1          GPIO_Init(KEY(1), GPIO_PullUp);
  139   1      
  140   1          // 方向键初始化
  141   1          GPIO_Init(DPAD_UP, GPIO_PullUp);
  142   1          GPIO_Init(DPAD_DOWN, GPIO_PullUp);
  143   1          GPIO_Init(DPAD_LEFT, GPIO_PullUp);
  144   1          GPIO_Init(DPAD_RIGHT, GPIO_PullUp);
  145   1      
  146   1          // 外部中断初始化
  147   1          GPIO_EXTI_Init(KEY(0), FALLING_EDGE);
  148   1          GPIO_EXTI_Open(KEY(0));
  149   1          GPIO_EXTI_Init(KEY(1), FALLING_EDGE);
  150   1          GPIO_EXTI_Open(KEY(1));
  151   1          GPIO_EXTI_Init(DPAD_UP, FALLING_EDGE);
  152   1          GPIO_EXTI_Open(DPAD_UP);
  153   1          GPIO_EXTI_Init(DPAD_DOWN, FALLING_EDGE);
  154   1          GPIO_EXTI_Open(DPAD_DOWN);
  155   1          GPIO_EXTI_Init(DPAD_LEFT, FALLING_EDGE);
  156   1          GPIO_EXTI_Open(DPAD_LEFT);
  157   1          GPIO_EXTI_Init(DPAD_RIGHT, FALLING_EDGE);
  158   1          GPIO_EXTI_Open(DPAD_RIGHT);
  159   1      
  160   1          // 设置中断优先级
  161   1          GPIO_EXTI_Set_Priority(GPIO_P0, Second_priority);
  162   1          GPIO_EXTI_Set_Priority(GPIO_P4, Third_priority);
  163   1      
  164   1          // PWM_Init(BUZZER, 2000, 10000);
  165   1      
  166   1          LCD_Init(); // LCD初始化
  167   1      }
  168          
  169          /// @brief 快速ADC校准（动态范围校准）
  170          void ADC_Norm_Fast(uint16_t *adcMax, uint16_t *adcMin, uint8_t *adcPin)
  171          {
  172   1          char     LimLine[22];
  173   1          uint16_t i, j, getADC[4];
  174   1          // uint16_t note[8] = {1046, 1175, 1318, 1397, 1568, 1760, 1976, 2093};
  175   1          LCD_P8x16Str(0, 3, "NORM...");
  176   1      
  177   1          // 连续采样30000次，动态获取最大值和最小值
  178   1          for (i = 0; i < 32000; i++) {
  179   2              // PWM_SET_Frequency(BUZZER, note[i / 4000], 5000);
  180   2              for (j = 0; j < 4; j++) {
  181   3                  getADC[j] = ADC_Read_Once(ADC[adcPin[j]], ADC_12BIT);
  182   3                  if (adcMax[j] < getADC[j])
  183   3                      adcMax[j] = getADC[j]; // 更新最大值
  184   3                  else if (adcMin[j] > getADC[j])
  185   3                      adcMin[j] = getADC[j]; // 更新最小值
  186   3              }
  187   2          }
  188   1      
C251 COMPILER V5.60.0,  main                                                               22/11/25  18:24:49  PAGE 4   

  189   1          LCD_P8x16Str(0, 3, "FINISH!");
  190   1          // 显示校准结果
  191   1          sprintf(LimLine, "%04d %04d   %04d %04d", adcMax[0], adcMax[1], adcMax[2], adcMax[3]);
  192   1          LCD_P6x8Str(0, 6, LimLine);
  193   1          sprintf(LimLine, "%04d %04d   %04d %04d", adcMin[0], adcMin[1], adcMin[2], adcMin[3]);
  194   1          LCD_P6x8Str(0, 7, LimLine);
  195   1          // PWM_SET_Frequency(BUZZER, 2093, 10000);
  196   1          Ms_Delay(1000);
  197   1          // for (i = 0; i < 8; i++) {
  198   1          //     PWM_SET_Frequency(BUZZER, note[7-i], 5000);
  199   1          //     Ms_Delay(100);
  200   1          // }
  201   1          PWM_SET_Duty(BUZZER, 10000);
  202   1          LCD_P8x16Str(0, 3, "       ");
  203   1      }
  204          
  205          /// @brief 获取ADC采样值（中值滤波）
  206          void Get_ADC(uint16_t *adcRaw, uint8_t *adcPin)
  207          {
  208   1          uint8_t  i, j, k;
  209   1          uint16_t temp, getADC[9];
  210   1      
  211   1          // 对每个ADC通道进行采样
  212   1          for (k = 0; k < 4; k++) {
  213   2              // 采样9次
  214   2              for (i = 0; i < 9; i++) {
  215   3                  getADC[i] = ADC_Read_Once(ADC[adcPin[k]], ADC_12BIT);
  216   3              }
  217   2      
  218   2              // 冒泡排序
  219   2              for (i = 1; i <= 9 - 1; i++) {
  220   3                  for (j = 0; j < 9 - i; j++) {
  221   4                      if (getADC[j] > getADC[j + 1]) {
  222   5                          temp          = getADC[j];
  223   5                          getADC[j]     = getADC[j + 1];
  224   5                          getADC[j + 1] = temp;
  225   5                      }
  226   4                  }
  227   3              }
  228   2              adcRaw[k] = getADC[4]; // 取中值作为最终结果
  229   2          }
  230   1      }
  231          
  232          /// @brief ADC数据归一化处理
  233          /// @return 归一化后的误差值(-1~1)
  234          void Normalization(uint16_t *adcRaw, uint16_t *adcMax, uint16_t *adcMin, float *adcAfterNorm)
  235          {
  236   1          uint8_t i;
  237   1          // 对每个ADC通道进行归一化处理
  238   1          for (i = 0; i < 4; i++) {
  239   2              // 边界检查
  240   2              if (adcRaw[i] > adcMax[i]) { // 超上限
  241   3                  adcRaw[i] = adcMax[i];
  242   3              } else if (adcRaw[i] < adcMin[i]) { // 超下限
  243   3                  adcRaw[i] = adcMin[i];
  244   3              }
  245   2              adcAfterNorm[i] = (float)(adcRaw[i] - adcMin[i]) / (adcMax[i] - adcMin[i]);
  246   2          }
  247   1      }
  248          
  249          float ADC_To_Error(float *adcAfterNorm, float kA, float kB)
  250          {
  251   1          float error = (adcAfterNorm[0] - adcAfterNorm[3])*kA + (adcAfterNorm[1] -adcAfterNorm[2])*kB;
  252   1          if (error > 1)
  253   1              error = 1;
  254   1          else if (error < -1)
C251 COMPILER V5.60.0,  main                                                               22/11/25  18:24:49  PAGE 5   

  255   1              error = -1;
  256   1          return error;
  257   1      }
  258          
  259          float PD_Calculate(float error, float lastError, float kp, float kd)
  260          {
  261   1          float output, derivative;
  262   1          derivative = kd * (error - lastError);
  263   1          output     = kp * error + derivative;
  264   1          if (output > 1)
  265   1              output = 1;
  266   1          else if (output < -1)
  267   1              output = -1;
  268   1          return output;
  269   1      }
  270          
  271          /// @brief 舵机控制函数
  272          void Servo_Control_By_Error(float errorInner, uint16_t midDutyOfServo, uint16_t maxChangeDuty)
  273          {
  274   1          // 误差限幅
  275   1          if (errorInner > 1)
  276   1              errorInner = 1;
  277   1          else if (errorInner < -1)
  278   1              errorInner = -1;
  279   1          // 根据误差计算舵机PWM值：中位值 ± 最大变化量×误差
  280   1          PWM_SET_Frequency(SERVO, 50, midDutyOfServo + (int)maxChangeDuty * errorInner);
  281   1      }
  282          
  283          /// @brief 电机控制函数
  284          void Go(uint16_t minSpeed, uint16_t maxSpeed, float error)
  285          {
  286   1          // 根据误差变化率计算速度：基础速度 + 变化率×系数
  287   1          int speed = (int)((maxSpeed - minSpeed) * (1 - fabs(error))) + minSpeed;
  288   1      
  289   1          // 速度限幅
  290   1          if (speed > maxSpeed)
  291   1              speed = maxSpeed;
  292   1          else if (speed < minSpeed)
  293   1              speed = minSpeed;
  294   1      
  295   1          // 设置左右电机PWM
  296   1          PWM_SET_Duty(MOTOR_L, 10000 - speed);
  297   1          PWM_SET_Duty(MOTOR_R, 10000 - speed);
  298   1      }
  299          
  300          /// @brief 显示误差信息
  301          void Show_Error_On_Sceen(float errorBeforePID, float errorAfterPID, uint16_t *adcRaw)
  302          {
  303   1          char errorLine[22];
  304   1          // 显示ADC原始值
  305   1          sprintf(errorLine, "%04d %04d   %04d %04d", adcRaw[0], adcRaw[1], adcRaw[2], adcRaw[3]);
  306   1          LCD_P6x8Str(0, 0, errorLine);
  307   1          sprintf(errorLine, "%0.2f %0.2f   %0.2f %.2fd", adcAfterNorm[0], adcAfterNorm[1], adcAfterNorm[2], ad
             -cAfterNorm[3]);
  308   1          LCD_P6x8Str(0, 1, errorLine);
  309   1          // 显示PID前后的误差值
  310   1          if (errorBeforePID >= 0)
  311   1              sprintf(errorLine, "+%.4f", errorBeforePID);
  312   1          else
  313   1              sprintf(errorLine, "%.4f", errorBeforePID);
  314   1      
  315   1          if (errorAfterPID >= 0)
  316   1              sprintf(errorLine, "%s  -->  +%.4f", errorLine, errorAfterPID);
  317   1          else
  318   1              sprintf(errorLine, "%s  -->  %.4f", errorLine, errorAfterPID);
  319   1      
C251 COMPILER V5.60.0,  main                                                               22/11/25  18:24:49  PAGE 6   

  320   1          LCD_P6x8Str(0, 2, errorLine);
  321   1      }
  322          
  323          /// @brief 停止控制（舵机回中，电机停止）
  324          void Stop_Inner()
  325          {
  326   1          PWM_SET_Duty(MOTOR_L, 10000); // 电机停止
  327   1          PWM_SET_Duty(MOTOR_R, 10000);
  328   1      }
  329          
  330          /// @brief BIOS系统（参数调整界面）
  331          void BIOS(uint16_t biosKey, uint16_t minSpeed, uint16_t maxSpeed, float kp, float kd, float kA, float kB)
  332          {
  333   1          uint8_t page = biosKey % 4;
  334   1          char    biosLine[16];
  335   1          Stop_Inner(); // 进入BIOS时停止运动
  336   1      
  337   1          switch (page) {
  338   2          case 1: // 页面1：最大速度和Kp调整
  339   2              LCD_P8x16Str(0, 0, "     BIOS 1    ");
  340   2              LCD_P6x8Str(0, 2, "---------------------");
  341   2              sprintf(biosLine, "MaxSpeed = %d ", maxSpeed);
  342   2              LCD_P8x16Str(0, 3, biosLine);
  343   2              sprintf(biosLine, "Kp = %0.2f    ", kp);
  344   2              LCD_P8x16Str(0, 6, biosLine);
  345   2              break;
  346   2          case 2: // 页面2：最小速度和Ki调整
  347   2              LCD_P8x16Str(0, 0, "     BIOS 2    ");
  348   2              LCD_P6x8Str(0, 2, "---------------------");
  349   2              sprintf(biosLine, "MinSpeed = %d ", minSpeed);
  350   2              LCD_P8x16Str(0, 3, biosLine);
  351   2              sprintf(biosLine, "Kd = %0.2f   ", kd);
  352   2              LCD_P8x16Str(0, 6, biosLine);
  353   2              break;
  354   2          case 3: // 页面3：积分限幅和Kd调整
  355   2              LCD_P8x16Str(0, 0, "     BIOS 3    ");
  356   2              LCD_P6x8Str(0, 2, "---------------------");
  357   2              sprintf(biosLine, "KA = %0.2f       ", kA);
  358   2              LCD_P8x16Str(0, 3, biosLine);
  359   2              sprintf(biosLine, "KB = %0.2f       ", kB);
  360   2              LCD_P8x16Str(0, 6, biosLine);
  361   2              break;
  362   2          default:
  363   2              break;
  364   2          }
  365   1      }
  366          
  367          // ========================= 中断服务函数 =========================
  368          
  369          void PIT0_Activated() interrupt TMR0_VECTOR
  370          {
  371   1          PIT_Timer_Clear(TIM0);
  372   1          Get_ADC(adcRaw, adcPin);                                       // 获取ADC采样值
  373   1          Normalization(adcRaw, adcMax, adcMin, adcAfterNorm);           // 归一化处理
  374   1          error     = ADC_To_Error(adcAfterNorm, kA, kB);                // 计算误差值
  375   1          pidOut    = PD_Calculate(error, lastError, kp, kd);            // PID计算
  376   1          lastError = error;                                             // 更新上次误差
  377   1          Servo_Control_By_Error(pidOut, midDutyOfServo, maxChangeDuty); // 舵机控制
  378   1      }
  379          
  380          // void PIT2_Activated() interrupt TMR2_VECTOR
  381          // {
  382          //     PIT_Timer_Clear(TIM2);
  383          //     Servo_Control_By_Error(pidOut,midDutyOfServo,maxChangeDuty);
  384          // }
  385          
C251 COMPILER V5.60.0,  main                                                               22/11/25  18:24:49  PAGE 7   

  386          /// @brief P0口外部中断服务函数（按键中断）
  387          void P0_EXTI_Activated() interrupt P0INT_VECTOR
  388          {
  389   1          GPIO_EXTI_Flag_Read(GPIO_P0);
  390   1          if (Port_Exti_Flag[0]) {
  391   2              GPIO_EXTI_Flag_Clear(GPIO_P0);
  392   2              if (Port_Exti_Flag[0] & Port_Pin_7) {
  393   3                  biosKey++; // 按键1：切换BIOS页面
  394   3              } else if (Port_Exti_Flag[0] & Port_Pin_6) {
  395   3                  biosKey = 0; // 按键2：退出BIOS
  396   3              }
  397   2          }
  398   1      }
  399          
  400          /// @brief P4口外部中断服务函数（方向键中断）
  401          void P4_EXTI_Activated() interrupt P4INT_VECTOR
  402          {
  403   1          GPIO_EXTI_Flag_Read(GPIO_P4);
  404   1          if (Port_Exti_Flag[4]) {
  405   2              GPIO_EXTI_Flag_Clear(GPIO_P4);
  406   2      
  407   2              // 根据当前BIOS页面调整不同参数
  408   2              if (Port_Exti_Flag[4] & Port_Pin_2) { // 上键：增加参数
  409   3                  if (biosKey % 4 == 1)
  410   3                      maxSpeed += 50;
  411   3                  else if (biosKey % 4 == 2)
  412   3                      minSpeed += 50;
  413   3                  else if (biosKey % 4 == 3)
  414   3                      kA += 0.05;
  415   3              } else if (Port_Exti_Flag[4] & Port_Pin_6) { // 下键：减小参数
  416   3                  if (biosKey % 4 == 1)
  417   3                      maxSpeed -= 50;
  418   3                  else if (biosKey % 4 == 2)
  419   3                      minSpeed -= 50;
  420   3                  else if (biosKey % 4 == 3)
  421   3                      kA -= 0.05;
  422   3              } else if (Port_Exti_Flag[4] & Port_Pin_1) { // 右键：增加PID参数
  423   3                  if (biosKey % 4 == 1)
  424   3                      kp += 0.1;
  425   3                  else if (biosKey % 4 == 2)
  426   3                      kd += 0.05;
  427   3                  else if (biosKey % 4 == 3)
  428   3                      kB += 0.05;
  429   3              } else if (Port_Exti_Flag[4] & Port_Pin_5) { // 左键：减小PID参数
  430   3                  if (biosKey % 4 == 1)
  431   3                      kp -= 0.1;
  432   3                  else if (biosKey % 4 == 2)
  433   3                      kd -= 0.05;
  434   3                  else if (biosKey % 4 == 3)
  435   3                      kB -= 0.05;
  436   3              }
  437   2          }
  438   1      }


Module Information          Static   Overlayable
------------------------------------------------
  code size            =      3077     ------
  ecode size           =    ------     ------
  data size            =    ------     ------
  idata size           =    ------     ------
  pdata size           =    ------     ------
  xdata size           =    ------     ------
  xdata-const size     =    ------     ------
  edata size           =       122        157
  bit size             =    ------     ------
  ebit size            =    ------     ------
C251 COMPILER V5.60.0,  main                                                               22/11/25  18:24:49  PAGE 8   

  bitaddressable size  =    ------     ------
  ebitaddressable size =    ------     ------
  far data size        =    ------     ------
  huge data size       =    ------     ------
  const size           =    ------     ------
  hconst size          =       407     ------
End of Module Information.


C251 COMPILATION COMPLETE.  0 WARNING(S),  0 ERROR(S)
