C251 COMPILER V5.60.0,  main                                                               23/11/25  22:06:29  PAGE 1   


C251 COMPILER V5.60.0, COMPILATION OF MODULE main
OBJECT MODULE PLACED IN .\Objects\main.obj
COMPILER INVOKED BY: D:\Program Files\Keil_v5\C251\BIN\C251.EXE ..\USER\src\main.c XSMALL BROWSE INCDIR(..\..\..\Librari
                    -es\boards\inc;..\..\..\Libraries\startup\inc;..\USER\inc;..\..\..\Libraries\deivers\inc) DEBUG PRINT(.\Listings\main.lst
                    -) TABS(2) OBJECT(.\Objects\main.obj) 

stmt  level    source

    1          #include "main.h"
    2          #include "STC32G_EEPROM.h"
    3          #include <MATH.H>
    4          
    5          // ========================= 参数区 =========================
    6          float    kp       = 1.2;  // PID比例系数
    7          float    kd       = 0.9;  // PID微分系数
    8          float    kA       = 0.8;  // 误差计算系数A
    9          float    kB       = 0.7;  // 误差计算系数B
   10          uint16_t maxSpeed = 1800; // 电机最大速度
   11          uint16_t minSpeed = 1250; // 电机最小速度
   12          
   13          //========================= 内参区 ==========================
   14          uint8_t  stopADC        = 20;           // 停车ADC阈值
   15          uint8_t  timerMs        = 20;           // 计时器触发时间(ms)
   16          uint16_t midDutyOfServo = 730;          // 舵机中位PWM值
   17          uint16_t maxChangeDuty  = 130;          // 舵机最大变化PWM值
   18          uint8_t  adcPin[4]      = {0, 1, 6, 7}; // ADC引脚映射
   19          
   20          // ========================= 定义区 =========================
   21          // ADC通道定义
   22          char ADC[8] = {ADC_P13, ADC_P16, ADC_P10, ADC_P11,
   23                         ADC_P02, ADC_P05, ADC_P00, ADC_P01};
   24          
   25          // 舵机和电机PWM输出定义
   26          #define SERVO PWMB_CH1_P74
   27          #define MOTOR_L PWMA_CH2P_P62
   28          #define MOTOR_R PWMA_CH3P_P64
   29          #define MOTOR_BASE_L PWMA_CH1P_P60
   30          #define MOTOR_BASE_R PWMA_CH4P_P66
   31          #define BUZZER PWMB_CH3_P33
   32          
   33          // LED指示灯引脚定义
   34          char LEDPin[4] = {GPIO_Pin_7, GPIO_Pin_6, GPIO_Pin_5, GPIO_Pin_4};
   35          #define LED(x) GPIO_P3, LEDPin[x]
   36          
   37          // 按键引脚定义
   38          char KEYPin[2] = {GPIO_Pin_7, GPIO_Pin_6};
   39          #define KEY(x) GPIO_P0, KEYPin[x]
   40          
   41          // 方向键引脚定义
   42          #define DPAD_UP GPIO_P4, GPIO_P2
   43          #define DPAD_DOWN GPIO_P4, GPIO_Pin_6
   44          #define DPAD_LEFT GPIO_P4, GPIO_Pin_5
   45          #define DPAD_RIGHT GPIO_P4, GPIO_Pin_1
   46          
   47          // ========================= 全局变量 =========================
   48          uint16_t adcMax[4] = {20, 20, 20, 20};         // ADC最大值
   49          uint16_t adcMin[4] = {1000, 1000, 1000, 1000}; // ADC最小值
   50          uint16_t adcRaw[4];                            // ADC原始值
   51          uint16_t biosKey = 0;                          // BIOS页面键值
   52          uint16_t enter;                                // 进入标志
   53          float    error;                                // 当前误差
   54          float    pidOut;                               // PID输出
   55          float    lastError;                            // 上次误差
   56          float    adcAfterNorm[4];                      // 归一化后的ADC值
   57          uint16_t i, j, k;
C251 COMPILER V5.60.0,  main                                                               23/11/25  22:06:29  PAGE 2   

   58          uint16_t temp, getADC[9];
   59          float    den;
   60          float    num;
   61          float    output, derivative;
   62          int      speed;
   63          uint8_t  page;
   64          char     biosLine[16], errorLine[22], limLine[22];
   65          void     All_Init(uint16_t midDutyOfServo, uint8_t *adcPin);
   66          void     ADC_Norm_Fast(uint16_t *adcMax, uint16_t *adcMin, uint8_t *adcPin);
   67          void     Get_ADC(uint16_t *adcRaw, uint8_t *adcPin);
   68          void     Normalization(uint16_t *adcRaw, uint16_t *adcMax, uint16_t *adcMin, float *adcAfterNorm);
   69          float    ADC_To_Error(float *adcAfterNorm, float kA, float kB);
   70          float    PD_Calculate(float error, float lastError, float kp, float kd);
   71          void     Servo_Control_By_Error(float errorInner, uint16_t midDutyOfServo, uint16_t maxChangeDuty);
   72          void     Go(uint16_t minSpeed, uint16_t maxSpeed, float error);
   73          void     Show_Error_On_Sceen(float errorBeforePID, float errorAfterPID, uint16_t *adcRaw);
   74          void     Stop_Inner();
   75          void     BIOS(uint16_t biosKey, uint16_t minSpeed, uint16_t maxSpeed, float kp, float kd, float kA, float
             - kB);
   76          void     EXTI_Init(uint8_t timerMs);
   77          void     EEPROM_Save(float *kp, float *kd, float *kA, float *kB, uint16_t *minSpeed, uint16_t *maxSpeed);
   78          void     EEPROM_Load(float *kp, float *kd, float *kA, float *kB, uint16_t *minSpeed, uint16_t *maxSpeed);
   79          
   80          // ========================= 主函数 =========================
   81          void main()
   82          {
   83   1          All_Init(midDutyOfServo, adcPin);      // 初始化所有外设
   84   1          // ADC_Norm_Fast(adcMax, adcMin, adcPin); // 快速ADC校准
   85   1          EXTI_Init(timerMs);
   86   1          EEPROM_Load(&kp, &kd, &kA, &kB, &minSpeed, &maxSpeed);
   87   1          while (1) {
   88   2              // ========================= BIOS系统处理 =========================
   89   2              enter = 0;
   90   2              // BIOS系统处理
   91   2              if (biosKey % 4)
   92   2                  LCD_CLS();
   93   2              while (biosKey % 4) {
   94   3                  BIOS(biosKey, minSpeed, maxSpeed, kp, kd, kA, kB);
   95   3                  enter = 1;
   96   3              }
   97   2              if (enter) {
   98   3                  LCD_CLS();
   99   3                  // 显示ADC校准值
  100   3                  sprintf(limLine, "%04d %04d   %04d %04d", adcMax[0], adcMax[1], adcMax[2], adcMax[3]);
  101   3                  LCD_P6x8Str(0, 6, limLine);
  102   3                  sprintf(limLine, "%04d %04d   %04d %04d", adcMin[0], adcMin[1], adcMin[2], adcMin[3]);
  103   3                  LCD_P6x8Str(0, 7, limLine);
  104   3                  EEPROM_Save(&kp, &kd, &kA, &kB, &minSpeed, &maxSpeed);
  105   3              }
  106   2              // ========================= 运行控制处理 =========================
  107   2              // 检测是否在赛道上，如果所有传感器都检测不到黑线则停止
  108   2      //        while ((adcRaw[0] <= adcMin[0] || adcRaw[0] <= stopADC) &&
  109   2      //               (adcRaw[1] <= adcMin[1] || adcRaw[1] <= stopADC) &&
  110   2      //               (adcRaw[2] <= adcMin[2] || adcRaw[2] <= stopADC) &&
  111   2      //               (adcRaw[3] <= adcMin[3] || adcRaw[3] <= stopADC)) {
  112   2      //            Go(0, 0, 0); // 停止电机
  113   2      //        };
  114   2              // 显示误差信息
  115   2              Show_Error_On_Sceen(error, pidOut, adcRaw);
  116   2              // 电机控制
  117   2              Go(minSpeed, maxSpeed, pidOut);
  118   2          }
  119   1      }
  120          
  121          // ========================= 函数实现 =========================
  122          
C251 COMPILER V5.60.0,  main                                                               23/11/25  22:06:29  PAGE 3   

  123          /// @brief 全局初始化函数
  124          void All_Init(uint16_t midDutyOfServo, uint8_t *adcPin)
  125          {
  126   1      
  127   1          Board_Init(); // 开发板初始化
  128   1      
  129   1          // ADC初始化
  130   1          for (i = 0; i < 4; i++)
  131   1              ADC_Init(ADC[adcPin[i]], ADC_SPEED_2X16T);
  132   1      
  133   1          // 串口初始化
  134   1          UART_Init(UART_1, UART1_RX_P43,
  135   1                    UART1_TX_P44, 9600, TIM1);
  136   1      
  137   1          // PWM初始化（舵机和电机）
  138   1          PWM_Init(SERVO, 50, midDutyOfServo);
  139   1          PWM_Init(MOTOR_L, 10000, 10000);
  140   1          PWM_Init(MOTOR_R, 10000, 10000);
  141   1          PWM_Init(MOTOR_BASE_L, 10000, 10000);
  142   1          PWM_Init(MOTOR_BASE_R, 10000, 10000);
  143   1      
  144   1          // LED初始化
  145   1          for (i = 0; i < 4; i++)
  146   1              GPIO_Init(LED(i), GPIO_OUT_PP);
  147   1      
  148   1          // 按键初始化（上拉输入）
  149   1          GPIO_Init(KEY(0), GPIO_PullUp);
  150   1          GPIO_Init(KEY(1), GPIO_PullUp);
  151   1      
  152   1          // PWM_Init(BUZZER, 2000, 10000);
  153   1      
  154   1          LCD_Init(); // LCD初始化
  155   1      }
  156          
  157          void EXTI_Init(uint8_t timerMs)
  158          {
  159   1          GPIO_EXTI_Init(KEY(0), FALLING_EDGE);
  160   1          GPIO_EXTI_Open(KEY(0));
  161   1          GPIO_EXTI_Init(KEY(1), FALLING_EDGE);
  162   1          GPIO_EXTI_Open(KEY(1));
  163   1          GPIO_EXTI_Init(DPAD_UP, FALLING_EDGE);
  164   1          GPIO_EXTI_Open(DPAD_UP);
  165   1          GPIO_EXTI_Init(DPAD_DOWN, FALLING_EDGE);
  166   1          GPIO_EXTI_Open(DPAD_DOWN);
  167   1          GPIO_EXTI_Init(DPAD_LEFT, FALLING_EDGE);
  168   1          GPIO_EXTI_Open(DPAD_LEFT);
  169   1          GPIO_EXTI_Init(DPAD_RIGHT, FALLING_EDGE);
  170   1          GPIO_EXTI_Open(DPAD_RIGHT);
  171   1      
  172   1          GPIO_EXTI_Init(GPIO_P0, GPIO_Pin_7, FALLING_EDGE);
  173   1          GPIO_EXTI_Open(GPIO_P0, GPIO_Pin_7);
  174   1          GPIO_EXTI_Init(GPIO_P5, GPIO_Pin_2, FALLING_EDGE);
  175   1          GPIO_EXTI_Open(GPIO_P5, GPIO_Pin_2);
  176   1          PIT_Timer_Ms(TIM0, timerMs); // 定时器初始化
  177   1                                       // PIT_Timer_Ms(TIM2,timerMs);
  178   1          GPIO_EXTI_Set_Priority(GPIO_P0, Second_priority);
  179   1          GPIO_EXTI_Set_Priority(GPIO_P4, Third_priority);
  180   1      }
  181          
  182          /// @brief 快速ADC校准（动态范围校准）
  183          void ADC_Norm_Fast(uint16_t *adcMax, uint16_t *adcMin, uint8_t *adcPin)
  184          {
  185   1          // LCD_P8x16Str(0, 3, "NORM?");
  186   1          // while (GPIO_Read_Bit(KEY(0)) == 0 && GPIO_Read_Bit(KEY(1)) == 0)
  187   1          //     ;
  188   1          // if (GPIO_Read_Bit(KEY(1)))
C251 COMPILER V5.60.0,  main                                                               23/11/25  22:06:29  PAGE 4   

  189   1          //     return;
  190   1      
  191   1          // uint16_t note[8] = {1046, 1175, 1318, 1397, 1568, 1760, 1976, 2093};
  192   1          LCD_P8x16Str(0, 3, "NORM...");
  193   1      
  194   1          // 连续采样30000次，动态获取最大值和最小值
  195   1          for (i = 0; i < 32000; i++) {
  196   2              // PWM_SET_Frequency(BUZZER, note[i / 4000], 5000);
  197   2              for (j = 0; j < 4; j++) {
  198   3                  getADC[j] = ADC_Read_Once(ADC[adcPin[j]], ADC_12BIT);
  199   3                  if (adcMax[j] < getADC[j])
  200   3                      adcMax[j] = getADC[j]; // 更新最大值
  201   3                  else if (adcMin[j] > getADC[j])
  202   3                      adcMin[j] = getADC[j]; // 更新最小值
  203   3              }
  204   2          }
  205   1      
  206   1          LCD_P8x16Str(0, 3, "FINISH!");
  207   1          // 显示校准结果
  208   1          sprintf(limLine, "%04d %04d   %04d %04d", adcMax[0], adcMax[1], adcMax[2], adcMax[3]);
  209   1          LCD_P6x8Str(0, 6, limLine);
  210   1          sprintf(limLine, "%04d %04d   %04d %04d", adcMin[0], adcMin[1], adcMin[2], adcMin[3]);
  211   1          LCD_P6x8Str(0, 7, limLine);
  212   1          // PWM_SET_Frequency(BUZZER, 2093, 10000);
  213   1          Ms_Delay(1000);
  214   1          // for (i = 0; i < 8; i++) {
  215   1          //     PWM_SET_Frequency(BUZZER, note[7-i], 5000);
  216   1          //     Ms_Delay(100);
  217   1          // }
  218   1          PWM_SET_Duty(BUZZER, 10000);
  219   1          LCD_P8x16Str(0, 3, "       ");
  220   1      }
  221          
  222          /// @brief 获取ADC采样值（中值滤波）
  223          void Get_ADC(uint16_t *adcRaw, uint8_t *adcPin)
  224          {
  225   1      
  226   1          // 对每个ADC通道进行采样
  227   1          for (k = 0; k < 4; k++) {
  228   2              // 采样9次
  229   2              for (i = 0; i < 9; i++) {
  230   3                  getADC[i] = ADC_Read_Once(ADC[adcPin[k]], ADC_12BIT);
  231   3              }
  232   2      
  233   2              // 冒泡排序
  234   2              for (i = 1; i <= 9 - 1; i++) {
  235   3                  for (j = 0; j < 9 - i; j++) {
  236   4                      if (getADC[j] > getADC[j + 1]) {
  237   5                          temp          = getADC[j];
  238   5                          getADC[j]     = getADC[j + 1];
  239   5                          getADC[j + 1] = temp;
  240   5                      }
  241   4                  }
  242   3              }
  243   2              adcRaw[k] = getADC[4]; // 取中值作为最终结果
  244   2          }
  245   1      }
  246          
  247          /// @brief ADC数据归一化处理
  248          /// @return 归一化后的误差值(-1~1)
  249          void Normalization(uint16_t *adcRaw, uint16_t *adcMax, uint16_t *adcMin, float *adcAfterNorm)
  250          {
  251   1      
  252   1          // 对每个ADC通道进行归一化处理
  253   1          for (i = 0; i < 4; i++) {
  254   2              // 边界检查
C251 COMPILER V5.60.0,  main                                                               23/11/25  22:06:29  PAGE 5   

  255   2              if (adcRaw[i] > adcMax[i]) { // 超上限
  256   3                  adcRaw[i] = adcMax[i];
  257   3              } else if (adcRaw[i] < adcMin[i]) { // 超下限
  258   3                  adcRaw[i] = adcMin[i];
  259   3              }
  260   2              adcAfterNorm[i] = (float)(adcRaw[i] - adcMin[i]) / (adcMax[i] - adcMin[i]);
  261   2          }
  262   1      }
  263          
  264          float ADC_To_Error(float *adcAfterNorm, float kA, float kB)
  265          {
  266   1          num = kA * (adcAfterNorm[0] - adcAfterNorm[3]) + kB * (adcAfterNorm[1] - adcAfterNorm[2]);
  267   1          den = kA * (adcAfterNorm[0] + adcAfterNorm[3]) + kB * fabs(adcAfterNorm[1] - adcAfterNorm[2]) + 0.000
             -01;
  268   1          return (float)num / den;
  269   1      }
  270          
  271          float PD_Calculate(float error, float lastError, float kp, float kd)
  272          {
  273   1      
  274   1          derivative = kd * (error - lastError);
  275   1          output     = kp * error + derivative;
  276   1          if (output > 1)
  277   1              output = 1;
  278   1          else if (output < -1)
  279   1              output = -1;
  280   1          return output;
  281   1      }
  282          
  283          /// @brief 舵机控制函数
  284          void Servo_Control_By_Error(float errorInner, uint16_t midDutyOfServo, uint16_t maxChangeDuty)
  285          {
  286   1          // 误差限幅
  287   1          if (errorInner > 1)
  288   1              errorInner = 1;
  289   1          else if (errorInner < -1)
  290   1              errorInner = -1;
  291   1          // 根据误差计算舵机PWM值：中位值 ± 最大变化量×误差
  292   1          PWM_SET_Duty(SERVO, midDutyOfServo + (int)maxChangeDuty * errorInner);
  293   1      }
  294          
  295          /// @brief 电机控制函数
  296          void Go(uint16_t minSpeed, uint16_t maxSpeed, float error)
  297          {
  298   1          // 根据误差变化率计算速度：基础速度 + 变化率×系数
  299   1          speed = (int)((maxSpeed - minSpeed) * (1 - fabs(error))) + minSpeed;
  300   1      
  301   1          // 速度限幅
  302   1          if (speed > maxSpeed)
  303   1              speed = maxSpeed;
  304   1          else if (speed < minSpeed)
  305   1              speed = minSpeed;
  306   1      
  307   1          // 设置左右电机PWM
  308   1          PWM_SET_Duty(MOTOR_L, 10000 - speed);
  309   1          PWM_SET_Duty(MOTOR_R, 10000 - speed);
  310   1      }
  311          
  312          /// @brief 显示误差信息
  313          void Show_Error_On_Sceen(float errorBeforePID, float errorAfterPID, uint16_t *adcRaw)
  314          {
  315   1          // 显示ADC原始值
  316   1          sprintf(errorLine, "%04d %04d   %04d %04d", adcRaw[0], adcRaw[1], adcRaw[2], adcRaw[3]);
  317   1          LCD_P6x8Str(0, 0, errorLine);
  318   1          sprintf(errorLine, "%0.2f %0.2f   %0.2f %.2fd", adcAfterNorm[0], adcAfterNorm[1], adcAfterNorm[2], ad
             -cAfterNorm[3]);
C251 COMPILER V5.60.0,  main                                                               23/11/25  22:06:29  PAGE 6   

  319   1          LCD_P6x8Str(0, 1, errorLine);
  320   1          // 显示PID前后的误差值
  321   1          if (errorBeforePID >= 0)
  322   1              sprintf(errorLine, "+%.4f", errorBeforePID);
  323   1          else
  324   1              sprintf(errorLine, "%.4f", errorBeforePID);
  325   1      
  326   1          if (errorAfterPID >= 0)
  327   1              sprintf(errorLine, "%s  -->  +%.4f", errorLine, errorAfterPID);
  328   1          else
  329   1              sprintf(errorLine, "%s  -->  %.4f", errorLine, errorAfterPID);
  330   1      
  331   1          LCD_P6x8Str(0, 2, errorLine);
  332   1      }
  333          
  334          /// @brief 停止控制（舵机回中，电机停止）
  335          void Stop_Inner()
  336          {
  337   1          PWM_SET_Duty(MOTOR_L, 10000); // 电机停止
  338   1          PWM_SET_Duty(MOTOR_R, 10000);
  339   1      }
  340          
  341          /// @brief BIOS系统（参数调整界面）
  342          void BIOS(uint16_t biosKey, uint16_t minSpeed, uint16_t maxSpeed, float kp, float kd, float kA, float kB)
  343          {
  344   1      
  345   1          Stop_Inner(); // 进入BIOS时停止运动
  346   1          page = biosKey % 4;
  347   1          switch (page) {
  348   2          case 1: // 页面1：最大速度和Kp调整
  349   2              LCD_P8x16Str(0, 0, "     BIOS 1    ");
  350   2              LCD_P6x8Str(0, 2, "---------------------");
  351   2              sprintf(biosLine, "MaxSpeed = %d ", maxSpeed);
  352   2              LCD_P8x16Str(0, 3, biosLine);
  353   2              sprintf(biosLine, "Kp = %0.2f    ", kp);
  354   2              LCD_P8x16Str(0, 6, biosLine);
  355   2              break;
  356   2          case 2: // 页面2：最小速度和Ki调整
  357   2              LCD_P8x16Str(0, 0, "     BIOS 2    ");
  358   2              LCD_P6x8Str(0, 2, "---------------------");
  359   2              sprintf(biosLine, "MinSpeed = %d ", minSpeed);
  360   2              LCD_P8x16Str(0, 3, biosLine);
  361   2              sprintf(biosLine, "Kd = %0.2f   ", kd);
  362   2              LCD_P8x16Str(0, 6, biosLine);
  363   2              break;
  364   2          case 3: // 页面3：积分限幅和Kd调整
  365   2              LCD_P8x16Str(0, 0, "     BIOS 3    ");
  366   2              LCD_P6x8Str(0, 2, "---------------------");
  367   2              sprintf(biosLine, "KA = %0.2f       ", kA);
  368   2              LCD_P8x16Str(0, 3, biosLine);
  369   2              sprintf(biosLine, "KB = %0.2f       ", kB);
  370   2              LCD_P8x16Str(0, 6, biosLine);
  371   2              break;
  372   2          default:
  373   2              break;
  374   2          }
  375   1      }
  376          
  377          void EEPROM_Save(float *kp, float *kd, float *kA, float *kB, uint16_t *minSpeed, uint16_t *maxSpeed)
  378          {
  379   1          // 只擦除一个扇区
  380   1          EEPROM_SectorErase(0);
  381   1          
  382   1          // 需要将指针转换为uint8_t*类型
  383   1          EEPROM_write_n(0, (uint8_t *)kp, 4);        // float是4字节
  384   1          EEPROM_write_n(4, (uint8_t *)kd, 4);
C251 COMPILER V5.60.0,  main                                                               23/11/25  22:06:29  PAGE 7   

  385   1          EEPROM_write_n(8, (uint8_t *)kA, 4);
  386   1          EEPROM_write_n(12, (uint8_t *)kB, 4);
  387   1          EEPROM_write_n(16, (uint8_t *)minSpeed, 2); // uint16_t是2字节
  388   1          EEPROM_write_n(18, (uint8_t *)maxSpeed, 2);
  389   1      }
  390          
  391          void EEPROM_Load(float *kp, float *kd, float *kA, float *kB, uint16_t *minSpeed, uint16_t *maxSpeed)
  392          {
  393   1          // 需要将指针转换为uint8_t*类型
  394   1          EEPROM_read_n(0, (uint8_t *)kp, 4);
  395   1          EEPROM_read_n(4, (uint8_t *)kd, 4);
  396   1          EEPROM_read_n(8, (uint8_t *)kA, 4);
  397   1          EEPROM_read_n(12, (uint8_t *)kB, 4);
  398   1          EEPROM_read_n(16, (uint8_t *)minSpeed, 2);
  399   1          EEPROM_read_n(18, (uint8_t *)maxSpeed, 2);
  400   1      }
  401          
  402          
  403          
  404          // ========================= 中断服务函数 =========================
  405          
  406          void PIT0_Activated() interrupt TMR0_VECTOR
  407          {
  408   1          PIT_Timer_Clear(TIM0);
  409   1          Get_ADC(adcRaw, adcPin);                                       // 获取ADC采样值
  410   1          Normalization(adcRaw, adcMax, adcMin, adcAfterNorm);           // 归一化处理
  411   1          error     = ADC_To_Error(adcAfterNorm, kA, kB);                // 计算误差值
  412   1          pidOut    = PD_Calculate(error, lastError, kp, kd);            // PID计算
  413   1          lastError = error;                                             // 更新上次误差
  414   1          Servo_Control_By_Error(pidOut, midDutyOfServo, maxChangeDuty); // 舵机控制
  415   1      }
  416          
  417          // void PIT2_Activated() interrupt TMR2_VECTOR
  418          // {
  419          //     PIT_Timer_Clear(TIM2);
  420          //     Servo_Control_By_Error(pidOut,midDutyOfServo,maxChangeDuty);
  421          // }
  422          
  423          /// @brief P0口外部中断服务函数（按键中断）
  424          void P0_EXTI_Activated() interrupt P0INT_VECTOR
  425          {
  426   1          GPIO_EXTI_Flag_Read(GPIO_P0);
  427   1          if (Port_Exti_Flag[0]) {
  428   2              GPIO_EXTI_Flag_Clear(GPIO_P0);
  429   2              if (Port_Exti_Flag[0] & Port_Pin_7) {
  430   3                  biosKey++; // 按键1：切换BIOS页面
  431   3              } else if (Port_Exti_Flag[0] & Port_Pin_6) {
  432   3                  biosKey = 0;
  433   3              } // 按键2：退出BIOS
  434   2              //  else if (Port_Exti_Flag[0] & Port_Pin_4) {
  435   2              //     encoderNum[0]++;
  436   2              // }
  437   2          }
  438   1      }
  439          
  440          // void P5_EXTI_Activated() interrupt P5INT_VECTOR
  441          // {
  442          //     GPIO_EXTI_Flag_Clear(GPIO_P5);
  443          //     if (Port_Exti_Flag[5]) {
  444          //         GPIO_EXTI_Flag_Clear(GPIO_P5);
  445          //         if (Port_Exti_Flag[5] & Port_Pin_2) {
  446          //             encoderNum[1]++;
  447          //         }
  448          //     }
  449          // }
  450          
C251 COMPILER V5.60.0,  main                                                               23/11/25  22:06:29  PAGE 8   

  451          /// @brief P4口外部中断服务函数（方向键中断）
  452          void P4_EXTI_Activated() interrupt P4INT_VECTOR
  453          {
  454   1          GPIO_EXTI_Flag_Read(GPIO_P4);
  455   1          if (Port_Exti_Flag[4]) {
  456   2              GPIO_EXTI_Flag_Clear(GPIO_P4);
  457   2      
  458   2              // 根据当前BIOS页面调整不同参数
  459   2              if (Port_Exti_Flag[4] & Port_Pin_2) { // 上键：增加参数
  460   3                  if (biosKey % 4 == 1)
  461   3                      maxSpeed += 50;
  462   3                  else if (biosKey % 4 == 2)
  463   3                      minSpeed += 50;
  464   3                  else if (biosKey % 4 == 3)
  465   3                      kA += 0.05;
  466   3              } else if (Port_Exti_Flag[4] & Port_Pin_6) { // 下键：减小参数
  467   3                  if (biosKey % 4 == 1)
  468   3                      maxSpeed -= 50;
  469   3                  else if (biosKey % 4 == 2)
  470   3                      minSpeed -= 50;
  471   3                  else if (biosKey % 4 == 3)
  472   3                      kA -= 0.05;
  473   3              } else if (Port_Exti_Flag[4] & Port_Pin_1) { // 右键：增加PID参数
  474   3                  if (biosKey % 4 == 1)
  475   3                      kp += 0.1;
  476   3                  else if (biosKey % 4 == 2)
  477   3                      kd += 0.05;
  478   3                  else if (biosKey % 4 == 3)
  479   3                      kB += 0.05;
  480   3              } else if (Port_Exti_Flag[4] & Port_Pin_5) { // 左键：减小PID参数
  481   3                  if (biosKey % 4 == 1)
  482   3                      kp -= 0.1;
  483   3                  else if (biosKey % 4 == 2)
  484   3                      kd -= 0.05;
  485   3                  else if (biosKey % 4 == 3)
  486   3                      kB -= 0.05;
  487   3              }
  488   2          }
  489   1      }


Module Information          Static   Overlayable
------------------------------------------------
  code size            =      3360     ------
  ecode size           =    ------     ------
  data size            =    ------     ------
  idata size           =    ------     ------
  pdata size           =    ------     ------
  xdata size           =    ------     ------
  xdata-const size     =    ------     ------
  edata size           =       205        100
  bit size             =    ------     ------
  ebit size            =    ------     ------
  bitaddressable size  =    ------     ------
  ebitaddressable size =    ------     ------
  far data size        =    ------     ------
  huge data size       =    ------     ------
  const size           =    ------     ------
  hconst size          =       407     ------
End of Module Information.


C251 COMPILATION COMPLETE.  0 WARNING(S),  0 ERROR(S)
