C251 COMPILER V5.60.0,  main                                                               23/11/25  21:33:35  PAGE 1   


C251 COMPILER V5.60.0, COMPILATION OF MODULE main
OBJECT MODULE PLACED IN .\Objects\main.obj
COMPILER INVOKED BY: D:\Program Files\Keil_v5\C251\BIN\C251.EXE ..\USER\src\main.c XSMALL BROWSE INCDIR(..\..\..\Librari
                    -es\boards\inc;..\..\..\Libraries\startup\inc;..\USER\inc;..\..\..\Libraries\deivers\inc) DEBUG PRINT(.\Listings\main.lst
                    -) TABS(2) OBJECT(.\Objects\main.obj) 

stmt  level    source

    1          #include "main.h"
    2          #define MOTOR_L PWMA_CH2P_P62
    3          #define MOTOR_R PWMA_CH3P_P64
    4          #define MOTOR_BASE_L PWMA_CH1P_P60
    5          #define MOTOR_BASE_R PWMA_CH4P_P66
    6          uint32_t encNum[2];
    7          uint32_t aveNum[20];
    8          char     encLine[16];
    9          void     main(void)
   10          {
   11   1          Board_Init();
   12   1          GPIO_EXTI_Init(GPIO_P0, GPIO_Pin_4, FALLING_EDGE);
   13   1          GPIO_EXTI_Open(GPIO_P0, GPIO_Pin_4);
   14   1          GPIO_EXTI_Init(GPIO_P5, GPIO_Pin_2, RISING_EDGE);
   15   1          GPIO_EXTI_Open(GPIO_P5, GPIO_Pin_2);
   16   1          PWM_Init(MOTOR_L, 10000, 10000);
   17   1          PWM_Init(MOTOR_R, 10000, 10000);
   18   1          PWM_Init(MOTOR_BASE_L, 10000, 10000);
   19   1          PWM_Init(MOTOR_BASE_R, 10000, 10000);
   20   1          LCD_Init();
   21   1          PIT_Timer_Ms(TIM0, 20);
   22   1          while (1) {
   23   2              PWM_SET_Duty(MOTOR_L, 8000);
   24   2              PWM_SET_Duty(MOTOR_R, 8000);
   25   2              sprintf(encLine, "%04d  %04d", encNum[0], encNum[1]);
   26   2              LCD_P8x16Str(0, 3, encLine);
   27   2              encNum[0] = 0;
   28   2              encNum[1] = 0;
   29   2              Ms_Delay(200);
   30   2          }
   31   1      }
   32          
   33          void P0_EXTI_Activated() interrupt P0INT_VECTOR
   34          {
   35   1          GPIO_EXTI_Flag_Read(GPIO_P0);
   36   1          if (Port_Exti_Flag[0]) {
   37   2              GPIO_EXTI_Flag_Clear(GPIO_P0);
   38   2              if (Port_Exti_Flag[0] & Port_Pin_4) {
   39   3                  encNum[0]++;
   40   3              }
   41   2          }
   42   1      }
   43          
   44          void P5_EXTI_Activated() interrupt P5INT_VECTOR
   45          {
   46   1          GPIO_EXTI_Flag_Read(GPIO_P5);
   47   1          if (Port_Exti_Flag[5]) {
   48   2              GPIO_EXTI_Flag_Clear(GPIO_P5);
   49   2              if (Port_Exti_Flag[5] & Port_Pin_2) {
   50   3                  encNum[1]++;
   51   3              }
   52   2          }
   53   1      }
   54          
   55          void PIT0_Activated() interrupt TMR0_VECTOR
   56          {
   57   1          PIT_Timer_Clear(TIM0);
C251 COMPILER V5.60.0,  main                                                               23/11/25  21:33:35  PAGE 2   

   58   1      }


Module Information          Static   Overlayable
------------------------------------------------
  code size            =       411     ------
  ecode size           =    ------     ------
  data size            =    ------     ------
  idata size           =    ------     ------
  pdata size           =    ------     ------
  xdata size           =    ------     ------
  xdata-const size     =    ------     ------
  edata size           =       104     ------
  bit size             =    ------     ------
  ebit size            =    ------     ------
  bitaddressable size  =    ------     ------
  ebitaddressable size =    ------     ------
  far data size        =    ------     ------
  huge data size       =    ------     ------
  const size           =    ------     ------
  hconst size          =        11     ------
End of Module Information.


C251 COMPILATION COMPLETE.  0 WARNING(S),  0 ERROR(S)
